[localhost/wordpress/index.html]
[backblue.gif]
[fade.gif]
[index.html]
[localhost/wordpress/wp-content/themes/Divi/includes/builder/styles/images/preloader.gif]
[localhost/wordpress/wp-content/themes/Divi/core/admin/fonts/modules/all/modules.eot]
[localhost/wordpress/feed/index.html]
[localhost/wordpress/comments/feed/index.html]
[localhost/wordpress/wp-content/et-cache/20/et-divi-dynamic-20e22a.css]
[localhost/wordpress/wp-json/wp/v2/pages/20.json]
[localhost/wordpress/xmlrpc0db0.php]
[localhost/wordpress/wp-json/oembed/1.0/embed68f4.json]
[localhost/wordpress/wp-json/index.html]
[localhost/wordpress/wp-json/oembed/1.0/embedd248]
[localhost/wordpress/wp-content/uploads/2022/03/Crypto_Illustration_07-1.png]
[localhost/wordpress/wp-content/et-cache/20/et-core-unified-deferred-20.min473e.css]
[localhost/wordpress/wp-content/themes/Divi/images/logo.png]
[localhost/wordpress/wp-content/uploads/2022/03/crypto-bg-02.png]
[localhost/wordpress/wp-content/uploads/2022/03/Crypto_Icon_13-1.png]
[localhost/wordpress/wp-content/uploads/2022/03/Crypto_Icon_15.png]
[localhost/wordpress/about-us/index.html]
[localhost/wordpress/wp-content/uploads/2022/03/Crypto_Icon_14.png]
[localhost/wordpress/wp-content/uploads/2022/03/crypto_illustration_19.png]
[localhost/wordpress/sample-page/index.html]
[localhost/wordpress/wp-content/uploads/2022/03/portrait-square-07.jpg]
[localhost/wordpress/wp-content/uploads/2022/03/crypto_illustration_05-1.png]
[localhost/wordpress/7-2/index.html]
[localhost/wordpress/category/uncategorized/index.html]
[localhost/wordpress/wp-includes/css/dist/block-library/style.min74e5.css]
[localhost/wordpress/2022/03/index.html]
[localhost/wordpress/wp-includes/js/jquery/jquery-migrate.mind617.js]
[localhost/wordpress/wp-includes/js/jquery/jquery.minaf6c.js]
[localhost/wordpress/wp-content/themes/Divi/includes/builder/feature/dynamic-assets/assets/js/hashchange3c93.js]
[localhost/wordpress/index.html]
[localhost/wordpress/xmlrpc.php]
[localhost/wordpress/wp-content/themes/Divi/includes/builder/feature/dynamic-assets/assets/js/easypiechart3c93.js]
[localhost/wordpress/wp-content/themes/Divi/core/admin/js/common3c93.js]
[localhost/wordpress/wp-content/themes/Divi/includes/builder/styles/images/subscribe-loader.gif]
[localhost/wordpress/wp-content/et-cache/20/et-divi-dynamic-20e22a.css]
[localhost/wordpress/wp-content/uploads/2022/03/crypto-bg-04.png]
[localhost/wordpress/wp-content/et-cache/20/et-core-unified-deferred-20.min473e.css]
[localhost/wordpress/wp-content/et-cache/27/et-divi-dynamic-27947f.css]
[localhost/wordpress/wp-json/wp/v2/pages/27.json]
[localhost/wordpress/wp-json/oembed/1.0/embed10e1.json]
[localhost/wordpress/wp-json/oembed/1.0/embed408f]
[localhost/wordpress/wp-content/uploads/2022/03/crypto_illustration_11.png]
[localhost/wordpress/wp-content/uploads/2022/03/Crypto_Illustration_03-1.png]
[localhost/wordpress/wp-content/uploads/2022/03/Crypto_Illustration_05.png]
[localhost/wordpress/wp-content/themes/Divi/js/scripts.min3c93.js]
[localhost/wordpress/wp-content/uploads/2022/03/Crypto_Illustration_14.png]
[localhost/wordpress/wp-content/uploads/2022/03/logo_01-1.png]
[localhost/wordpress/wp-content/uploads/2022/03/logo_02.png]
[localhost/wordpress/wp-content/uploads/2022/03/logo_03.png]
[localhost/wordpress/wp-content/uploads/2022/03/logo_04.png]
[localhost/wordpress/wp-content/uploads/2022/03/logo_05.png]
[localhost/wordpress/wp-content/uploads/2022/03/logo_06.png]
[localhost/wordpress/wp-content/uploads/2022/03/logo_07.png]
[localhost/wordpress/wp-content/uploads/2022/03/logo_08.png]
[localhost/wordpress/wp-content/uploads/2022/03/crypto-bg-03-1.png]
[localhost/wordpress/wp-content/uploads/2022/03/IMG-5815-1024x1024-1.jpg]
[localhost/wordpress/about-us/index.html]
[localhost/wordpress/wp-json/wp/v2/pages/2.json]
[localhost/wordpress/sample-page/feed/index.html]
[localhost/wordpress/wp-json/oembed/1.0/embed19c7.json]
[localhost/wordpress/wp-json/oembed/1.0/embed8b1f]
[localhost/wordpress/wp-content/et-cache/global/et-divi-customizer-global.mina409.css]
[localhost/wordpress/sample-page/index.html]
[localhost/wordpress/2022/03/06/hello-world/index.html]
[localhost/wordpress/wp-content/et-cache/7/et-divi-dynamic-76cde.css]
[localhost/wordpress/wp-json/wp/v2/pages/7.json]
[localhost/wordpress/wp-json/oembed/1.0/embed322b.json]
[localhost/wordpress/wp-json/oembed/1.0/embedced9]
[localhost/wordpress/wp-content/uploads/2022/03/Crypto_Illustration_01.png]
[localhost/wordpress/wp-content/uploads/2022/03/crypto_illustration_18.png]
[localhost/wordpress/7-2/index.html]
[localhost/wordpress/wp-json/wp/v2/categories/1.json]
[localhost/wordpress/category/uncategorized/feed/index.html]
[localhost/wordpress/wp-content/themes/Divi/includes/builder/feature/dynamic-assets/assets/js/jquery.fitvids3c93.js]
[localhost/wordpress/category/uncategorized/index.html]
[localhost/wordpress/author/alex/index.html]
[localhost/wordpress/2022/03/index.html]
[localhost/wordpress/wp-includes/css/dist/block-library/style.min74e5.css]
[localhost/wordpress/wp-content/et-cache/27/et-divi-dynamic-27947f.css]
[localhost/wordpress/index1c4a.html]
[localhost/wordpress/index905b.html]
[localhost/wordpress/wp-content/et-cache/global/et-divi-customizer-global.mina409.css]
[localhost/wordpress/wp-login699e.html]
[localhost/wordpress/wp-admin/index.html]
[localhost/wordpress/wp-json/wp/v2/posts/1.json]
[localhost/wordpress/2022/03/06/hello-world/feed/index.html]
[localhost/wordpress/wp-json/oembed/1.0/embed5cec.json]
[localhost/wordpress/2022/03/06/hello-world/index.html]
[localhost/wordpress/wp-json/oembed/1.0/embed42d9]
[localhost/wordpress/wp-content/et-cache/7/et-divi-dynamic-76cde.css]
[localhost/wordpress/indexc4f7.html]
[localhost/wordpress/2022/03/06/hello-world/index6809.html]
[localhost/wordpress/wp-json/wp/v2/users/1.json]
[localhost/wordpress/author/alex/index.html]
[localhost/wordpress/wp-includes/css/dashicons.min74e5.css]
[localhost/wordpress/wp-includes/css/buttons.min74e5.css]
[localhost/wordpress/author/alex/feed/index.html]
[localhost/wordpress/wp-admin/css/forms.min74e5.css]
[localhost/wordpress/wp-admin/css/l10n.min74e5.css]
[localhost/wordpress/wp-admin/css/login.min74e5.css]
[localhost/wordpress/wp-loginc2b6.html]
[localhost/wordpress/wp-includes/js/zxcvbn-async.min5152.js]
[localhost/wordpress/wp-includes/js/dist/vendor/regenerator-runtime.min3937.js]
[localhost/wordpress/wp-includes/js/dist/vendor/wp-polyfill.min2c7c.js]
[localhost/wordpress/wp-includes/js/dist/hooks.min8cbb.js]
[localhost/wordpress/wp-includes/js/dist/i18n.mina28b.js]
[localhost/wordpress/wp-admin/js/password-strength-meter.min74e5.js]
[localhost/wordpress/wp-includes/js/underscore.min0028.js]
[localhost/wordpress/wp-includes/js/wp-util.min74e5.js]
[localhost/wordpress/wp-admin/js/user-profile.min74e5.js]
[localhost/wordpress/wp-login699e.html]
[localhost/wordpress/indexcff1.html]
[localhost/wordpress/2022/03/06/hello-world/index6809.html]
[localhost/wordpress/wp-includes/fonts/dashicons7d4b.eot]
[localhost/wordpress/wp-includes/fonts/dashicons7d4b.ttf]
[localhost/wordpress/wp-includes/css/dashicons.min74e5.css]
[localhost/wordpress/wp-includes/css/buttons.min74e5.css]
[localhost/wordpress/wp-admin/images/loading.gif]
[localhost/wordpress/wp-admin/css/forms.min74e5.css]
[localhost/wordpress/wp-admin/css/l10n.min74e5.css]
[localhost/wordpress/wp-admin/images/w-logo-blue7a53.png]
[localhost/wordpress/wp-admin/css/login.min74e5.css]
[localhost/wordpress/wp-login.html]
[localhost/wordpress/wp-loginc2b6.html]
[localhost/wordpress/wp-admin/images/wordpress-logo7d6b.svg]
[localhost/wordpress/wp-login.html]
